#
# There is insufficient memory for the Java Runtime Environment to continue.
# Native memory allocation (mmap) failed to map 6291456 bytes for G1 virtual space
# Possible reasons:
#   The system is out of physical RAM or swap space
#   The process is running with CompressedOops enabled, and the Java Heap may be blocking the growth of the native heap
# Possible solutions:
#   Reduce memory load on the system
#   Increase physical memory or swap space
#   Check if swap backing store is full
#   Decrease Java heap size (-Xmx/-Xms)
#   Decrease number of Java threads
#   Decrease Java thread stack sizes (-Xss)
#   Set larger code cache with -XX:ReservedCodeCacheSize=
#   JVM is running with Unscaled Compressed Oops mode in which the Java heap is
#     placed in the first 4GB address space. The Java Heap base address is the
#     maximum limit for the native heap growth. Please use -XX:HeapBaseMinAddress
#     to set the Java Heap base and to place the Java Heap above 4GB virtual address.
# This output file may be truncated or incomplete.
#
#  Out of Memory Error (os_windows.cpp:3535), pid=18628, tid=14376
#
# JRE version: Java(TM) SE Runtime Environment (17.0.4.1+1) (build 17.0.4.1+1-LTS-2)
# Java VM: Java HotSpot(TM) 64-Bit Server VM (17.0.4.1+1-LTS-2, mixed mode, emulated-client, sharing, tiered, compressed oops, compressed class ptrs, g1 gc, windows-amd64)
# No core dump will be written. Minidumps are not enabled by default on client versions of Windows
#

---------------  S U M M A R Y ------------

Command Line: -Dcom.sun.management.jmxremote -Dcom.sun.management.jmxremote.port=62559 -Dcom.sun.management.jmxremote.authenticate=false -Dcom.sun.management.jmxremote.ssl=false -Djava.rmi.server.hostname=localhost -Dspring.jmx.enabled=true -Dmanagement.endpoints.jmx.exposure.include=* -Dspring.application.admin.enabled=true -Dspring.output.ansi.enabled=always -XX:TieredStopAtLevel=1 -Dspring.boot.project.name=payment-service -Dfile.encoding=UTF-8 -Dstdout.encoding=UTF-8 -Dstderr.encoding=UTF-8 -XX:+ShowCodeDetailsInExceptionMessages com.rpms.PaymentServiceApplication

Host: Intel(R) Celeron(R) N4020 CPU @ 1.10GHz, 2 cores, 3G,  Windows 11 , 64 bit Build 26100 (10.0.26100.9278)
Time: Sun Aug 30 22:29:25 2026 India Standard Time elapsed time: 13741.471020 seconds (0d 3h 49m 1s)

---------------  T H R E A D  ---------------

Current thread (0x0000024f43cb72e0):  VMThread "VM Thread" [stack: 0x000000cf35200000,0x000000cf35300000] [id=14376]

Stack: [0x000000cf35200000,0x000000cf35300000]
Native frames: (J=compiled Java code, j=interpreted, Vv=VM code, C=native code)
V  [jvm.dll+0x6723ba]
V  [jvm.dll+0x7d1e34]
V  [jvm.dll+0x7d35de]
V  [jvm.dll+0x7d3c43]
V  [jvm.dll+0x243065]
V  [jvm.dll+0x66f2d9]
V  [jvm.dll+0x663c22]
V  [jvm.dll+0x3011cb]
V  [jvm.dll+0x308766]
V  [jvm.dll+0x35846e]
V  [jvm.dll+0x35869f]
V  [jvm.dll+0x2d83e8]
V  [jvm.dll+0x2d66b4]
V  [jvm.dll+0x2d5cbc]
V  [jvm.dll+0x31972b]
V  [jvm.dll+0x7d811b]
V  [jvm.dll+0x7d8e54]
V  [jvm.dll+0x7d936c]
V  [jvm.dll+0x7d9744]
V  [jvm.dll+0x7d9810]
V  [jvm.dll+0x781fca]
V  [jvm.dll+0x671245]
C  [ucrtbase.dll+0x2cd30]
C  [KERNEL32.DLL+0x2ccb7]
C  [ntdll.dll+0xacaec]

VM_Operation (0x000000cf35cfebd0): G1CollectForAllocation, mode: safepoint, requested by thread 0x0000024f555e4550


---------------  P R O C E S S  ---------------

Threads class SMR info:
_java_thread_list=0x0000024f5a002b40, length=43, elements={
0x0000024f54324f20, 0x0000024f43cb8fb0, 0x0000024f54332070, 0x0000024f54334a40,
0x0000024f54337310, 0x0000024f54337bd0, 0x0000024f54338490, 0x0000024f5437d3e0,
0x0000024f43ca9270, 0x0000024f54d820a0, 0x0000024f553f9120, 0x0000024f553f95f0,
0x0000024f55486010, 0x0000024f55392870, 0x0000024f554b3970, 0x0000024f556e7450,
0x0000024f555e4550, 0x0000024f555e4080, 0x0000024f555e2d40, 0x0000024f555e4a20,
0x0000024f555e1060, 0x0000024f555e36e0, 0x0000024f555e1ed0, 0x0000024f555e23a0,
0x0000024f555e1530, 0x0000024f555e1a00, 0x0000024f5a01bed0, 0x0000024f5a01c870,
0x0000024f5a01b060, 0x0000024f5a01b530, 0x0000024f5a01c3a0, 0x0000024f5a01cd40,
0x0000024f5a01e550, 0x0000024f5a01f3c0, 0x0000024f5a01d210, 0x0000024f5a01ea20,
0x0000024f5a01e080, 0x0000024f5a01d6e0, 0x0000024f5a01dbb0, 0x0000024f5a01eef0,
0x0000024f5a01fd60, 0x0000024f5a020230, 0x0000024f5a01ba00
}

Java Threads: ( => current thread )
  0x0000024f54324f20 JavaThread "Reference Handler" daemon [_thread_blocked, id=15268, stack(0x000000cf35300000,0x000000cf35400000)]
  0x0000024f43cb8fb0 JavaThread "Finalizer" daemon [_thread_blocked, id=8996, stack(0x000000cf35400000,0x000000cf35500000)]
  0x0000024f54332070 JavaThread "Signal Dispatcher" daemon [_thread_blocked, id=15644, stack(0x000000cf35500000,0x000000cf35600000)]
  0x0000024f54334a40 JavaThread "Attach Listener" daemon [_thread_blocked, id=19852, stack(0x000000cf35600000,0x000000cf35700000)]
  0x0000024f54337310 JavaThread "Service Thread" daemon [_thread_blocked, id=5628, stack(0x000000cf35700000,0x000000cf35800000)]
  0x0000024f54337bd0 JavaThread "Monitor Deflation Thread" daemon [_thread_blocked, id=18684, stack(0x000000cf35800000,0x000000cf35900000)]
  0x0000024f54338490 JavaThread "C1 CompilerThread0" daemon [_thread_blocked, id=9224, stack(0x000000cf35900000,0x000000cf35a00000)]
  0x0000024f5437d3e0 JavaThread "Sweeper thread" daemon [_thread_blocked, id=12096, stack(0x000000cf35a00000,0x000000cf35b00000)]
  0x0000024f43ca9270 JavaThread "Common-Cleaner" daemon [_thread_blocked, id=19152, stack(0x000000cf35b00000,0x000000cf35c00000)]
  0x0000024f54d820a0 JavaThread "Notification Thread" daemon [_thread_blocked, id=19208, stack(0x000000cf35d00000,0x000000cf35e00000)]
  0x0000024f553f9120 JavaThread "RMI TCP Accept-0" daemon [_thread_in_native, id=17728, stack(0x000000cf35f00000,0x000000cf36000000)]
  0x0000024f553f95f0 JavaThread "RMI TCP Accept-62559" daemon [_thread_in_native, id=3176, stack(0x000000cf36000000,0x000000cf36100000)]
  0x0000024f55486010 JavaThread "RMI TCP Accept-0" daemon [_thread_in_native, id=15632, stack(0x000000cf36100000,0x000000cf36200000)]
  0x0000024f55392870 JavaThread "RMI TCP Connection(idle)" daemon [_thread_blocked, id=16916, stack(0x000000cf36400000,0x000000cf36500000)]
  0x0000024f554b3970 JavaThread "RMI Scheduler(0)" daemon [_thread_blocked, id=19656, stack(0x000000cf36500000,0x000000cf36600000)]
  0x0000024f556e7450 JavaThread "JMX server connection timeout 20" daemon [_thread_blocked, id=13788, stack(0x000000cf36600000,0x000000cf36700000)]
  0x0000024f555e4550 JavaThread "Catalina-utility-1" [_thread_blocked, id=8936, stack(0x000000cf35c00000,0x000000cf35d00000)]
  0x0000024f555e4080 JavaThread "Catalina-utility-2" [_thread_blocked, id=18184, stack(0x000000cf36700000,0x000000cf36800000)]
  0x0000024f555e2d40 JavaThread "container-0" [_thread_blocked, id=18160, stack(0x000000cf36800000,0x000000cf36900000)]
  0x0000024f555e4a20 JavaThread "PostgreSQL-JDBC-Cleaner" daemon [_thread_blocked, id=18808, stack(0x000000cf36a00000,0x000000cf36b00000)]
  0x0000024f555e1060 JavaThread "HikariPool-1 housekeeper" daemon [_thread_blocked, id=1924, stack(0x000000cf36b00000,0x000000cf36c00000)]
  0x0000024f555e36e0 JavaThread "spring.cloud.inetutils" daemon [_thread_blocked, id=7128, stack(0x000000cf36d00000,0x000000cf36e00000)]
  0x0000024f555e1ed0 JavaThread "AsyncResolver-bootstrap-0" daemon [_thread_blocked, id=1896, stack(0x000000cf36c00000,0x000000cf36d00000)]
  0x0000024f555e23a0 JavaThread "idle-connection-evictor-1" daemon [_thread_blocked, id=17064, stack(0x000000cf36e00000,0x000000cf36f00000)]
  0x0000024f555e1530 JavaThread "DiscoveryClient-0" daemon [_thread_blocked, id=15044, stack(0x000000cf36f00000,0x000000cf37000000)]
  0x0000024f555e1a00 JavaThread "DiscoveryClient-1" daemon [_thread_blocked, id=13572, stack(0x000000cf37000000,0x000000cf37100000)]
  0x0000024f5a01bed0 JavaThread "DiscoveryClient-InstanceInfoReplicator-0" daemon [_thread_blocked, id=16948, stack(0x000000cf37100000,0x000000cf37200000)]
  0x0000024f5a01c870 JavaThread "http-nio-8084-exec-1" daemon [_thread_blocked, id=19976, stack(0x000000cf37200000,0x000000cf37300000)]
  0x0000024f5a01b060 JavaThread "http-nio-8084-exec-2" daemon [_thread_blocked, id=1368, stack(0x000000cf37300000,0x000000cf37400000)]
  0x0000024f5a01b530 JavaThread "http-nio-8084-exec-3" daemon [_thread_blocked, id=17444, stack(0x000000cf37400000,0x000000cf37500000)]
  0x0000024f5a01c3a0 JavaThread "http-nio-8084-exec-4" daemon [_thread_blocked, id=15732, stack(0x000000cf37500000,0x000000cf37600000)]
  0x0000024f5a01cd40 JavaThread "http-nio-8084-exec-5" daemon [_thread_blocked, id=19024, stack(0x000000cf37600000,0x000000cf37700000)]
  0x0000024f5a01e550 JavaThread "http-nio-8084-exec-6" daemon [_thread_blocked, id=10608, stack(0x000000cf37700000,0x000000cf37800000)]
  0x0000024f5a01f3c0 JavaThread "http-nio-8084-exec-7" daemon [_thread_blocked, id=19956, stack(0x000000cf37800000,0x000000cf37900000)]
  0x0000024f5a01d210 JavaThread "http-nio-8084-exec-8" daemon [_thread_blocked, id=19440, stack(0x000000cf37900000,0x000000cf37a00000)]
  0x0000024f5a01ea20 JavaThread "http-nio-8084-exec-9" daemon [_thread_blocked, id=19480, stack(0x000000cf37a00000,0x000000cf37b00000)]
  0x0000024f5a01e080 JavaThread "http-nio-8084-exec-10" daemon [_thread_blocked, id=19004, stack(0x000000cf37b00000,0x000000cf37c00000)]
  0x0000024f5a01d6e0 JavaThread "http-nio-8084-Poller" daemon [_thread_blocked, id=11016, stack(0x000000cf37c00000,0x000000cf37d00000)]
  0x0000024f5a01dbb0 JavaThread "http-nio-8084-Acceptor" daemon [_thread_in_native, id=12352, stack(0x000000cf37d00000,0x000000cf37e00000)]
  0x0000024f5a01eef0 JavaThread "DestroyJavaVM" [_thread_blocked, id=20148, stack(0x000000cf34c00000,0x000000cf34d00000)]
  0x0000024f5a01fd60 JavaThread "DiscoveryClient-CacheRefreshExecutor-0" daemon [_thread_blocked, id=15512, stack(0x000000cf38400000,0x000000cf38500000)]
  0x0000024f5a020230 JavaThread "DiscoveryClient-HeartbeatExecutor-0" daemon [_thread_blocked, id=19564, stack(0x000000cf38600000,0x000000cf38700000)]
  0x0000024f5a01ba00 JavaThread "AsyncResolver-bootstrap-executor-0" daemon [_thread_blocked, id=19468, stack(0x000000cf36300000,0x000000cf36400000)]

Other Threads:
=>0x0000024f43cb72e0 VMThread "VM Thread" [stack: 0x000000cf35200000,0x000000cf35300000] [id=14376]
  0x0000024f43c06ad0 WatcherThread [stack: 0x000000cf36200000,0x000000cf36300000] [id=17512]
  0x0000024f43c42980 GCTaskThread "GC Thread#0" [stack: 0x000000cf34d00000,0x000000cf34e00000] [id=20404]
  0x0000024f550848b0 GCTaskThread "GC Thread#1" [stack: 0x000000cf35e00000,0x000000cf35f00000] [id=5168]
  0x0000024f43c4b250 ConcurrentGCThread "G1 Main Marker" [stack: 0x000000cf34e00000,0x000000cf34f00000] [id=10684]
  0x0000024f43c4bb70 ConcurrentGCThread "G1 Conc#0" [stack: 0x000000cf34f00000,0x000000cf35000000] [id=16452]
  0x0000024f43c80aa0 ConcurrentGCThread "G1 Refine#0" [stack: 0x000000cf35000000,0x000000cf35100000] [id=9500]
  0x0000024f43c82840 ConcurrentGCThread "G1 Service" [stack: 0x000000cf35100000,0x000000cf35200000] [id=17476]

Threads with active compile tasks:

VM state: at safepoint (normal execution)

VM Mutex/Monitor currently owned by a thread:  ([mutex/lock_event])
[0x0000024f43c03170] Threads_lock - owner thread: 0x0000024f43cb72e0
[0x0000024f43c039e0] Heap_lock - owner thread: 0x0000024f555e4550

Heap address: 0x00000000c2c00000, size: 980 MB, Compressed Oops mode: 32-bit

CDS archive(s) mapped at: [0x0000000800000000-0x0000000800bc0000-0x0000000800bc0000), size 12320768, SharedBaseAddress: 0x0000000800000000, ArchiveRelocationMode: 0.
Compressed class space mapped at: 0x0000000800c00000-0x0000000840c00000, reserved size: 1073741824
Narrow klass base: 0x0000000800000000, Narrow klass shift: 0, Narrow klass range: 0x100000000

GC Precious Log:
 CPUs: 2 total, 2 available
 Memory: 3914M
 Large Page Support: Disabled
 NUMA Support: Disabled
 Compressed Oops: Enabled (32-bit)
 Heap Region Size: 1M
 Heap Min Capacity: 8M
 Heap Initial Capacity: 62M
 Heap Max Capacity: 980M
 Pre-touch: Disabled
 Parallel Workers: 2
 Concurrent Workers: 1
 Concurrent Refinement Workers: 2
 Periodic GC: Disabled

Heap:
 garbage-first heap   total 70656K, used 38948K [0x00000000c2c00000, 0x0000000100000000)
  region size 1024K, 2 young (2048K), 2 survivors (2048K)
 Metaspace       used 70470K, committed 71040K, reserved 1114112K
  class space    used 10374K, committed 10624K, reserved 1048576K

Heap Regions: E=young(eden), S=young(survivor), O=old, HS=humongous(starts), HC=humongous(continues), CS=collection set, F=free, OA=open archive, CA=closed archive, TAMS=top-at-mark-start (previous, next)
|   0|0x00000000c2c00000, 0x00000000c2d00000, 0x00000000c2d00000|100%|HS|  |TAMS 0x00000000c2d00000, 0x00000000c2d00000| Complete 
|   1|0x00000000c2d00000, 0x00000000c2e00000, 0x00000000c2e00000|100%|HS|  |TAMS 0x00000000c2e00000, 0x00000000c2e00000| Complete 
|   2|0x00000000c2e00000, 0x00000000c2f00000, 0x00000000c2f00000|100%| O|  |TAMS 0x00000000c2f00000, 0x00000000c2f00000| Untracked 
|   3|0x00000000c2f00000, 0x00000000c3000000, 0x00000000c3000000|100%| O|  |TAMS 0x00000000c3000000, 0x00000000c3000000| Untracked 
|   4|0x00000000c3000000, 0x00000000c3100000, 0x00000000c3100000|100%| O|  |TAMS 0x00000000c3100000, 0x00000000c3100000| Untracked 
|   5|0x00000000c3100000, 0x00000000c3200000, 0x00000000c3200000|100%| O|  |TAMS 0x00000000c3200000, 0x00000000c3200000| Untracked 
|   6|0x00000000c3200000, 0x00000000c3300000, 0x00000000c3300000|100%| O|  |TAMS 0x00000000c3300000, 0x00000000c3300000| Untracked 
|   7|0x00000000c3300000, 0x00000000c3400000, 0x00000000c3400000|100%| O|  |TAMS 0x00000000c3400000, 0x00000000c3400000| Untracked 
|   8|0x00000000c3400000, 0x00000000c3500000, 0x00000000c3500000|100%| O|  |TAMS 0x00000000c3500000, 0x00000000c3500000| Untracked 
|   9|0x00000000c3500000, 0x00000000c3600000, 0x00000000c3600000|100%| O|  |TAMS 0x00000000c3600000, 0x00000000c3600000| Untracked 
|  10|0x00000000c3600000, 0x00000000c3700000, 0x00000000c3700000|100%| O|  |TAMS 0x00000000c3700000, 0x00000000c3700000| Untracked 
|  11|0x00000000c3700000, 0x00000000c3800000, 0x00000000c3800000|100%| O|  |TAMS 0x00000000c3800000, 0x00000000c3800000| Untracked 
|  12|0x00000000c3800000, 0x00000000c3900000, 0x00000000c3900000|100%| O|  |TAMS 0x00000000c3900000, 0x00000000c3900000| Untracked 
|  13|0x00000000c3900000, 0x00000000c3a00000, 0x00000000c3a00000|100%| O|  |TAMS 0x00000000c3a00000, 0x00000000c3a00000| Untracked 
|  14|0x00000000c3a00000, 0x00000000c3b00000, 0x00000000c3b00000|100%| O|  |TAMS 0x00000000c3a00000, 0x00000000c3b00000| Untracked 
|  15|0x00000000c3b00000, 0x00000000c3c00000, 0x00000000c3c00000|100%| O|  |TAMS 0x00000000c3c00000, 0x00000000c3c00000| Untracked 
|  16|0x00000000c3c00000, 0x00000000c3d00000, 0x00000000c3d00000|100%| O|  |TAMS 0x00000000c3d00000, 0x00000000c3d00000| Untracked 
|  17|0x00000000c3d00000, 0x00000000c3d00000, 0x00000000c3e00000|  0%| F|  |TAMS 0x00000000c3d00000, 0x00000000c3d00000| Untracked 
|  18|0x00000000c3e00000, 0x00000000c3f00000, 0x00000000c3f00000|100%| O|  |TAMS 0x00000000c3f00000, 0x00000000c3f00000| Untracked 
|  19|0x00000000c3f00000, 0x00000000c4000000, 0x00000000c4000000|100%| O|  |TAMS 0x00000000c4000000, 0x00000000c4000000| Untracked 
|  20|0x00000000c4000000, 0x00000000c4100000, 0x00000000c4100000|100%| O|  |TAMS 0x00000000c4100000, 0x00000000c4100000| Untracked 
|  21|0x00000000c4100000, 0x00000000c4200000, 0x00000000c4200000|100%| O|  |TAMS 0x00000000c4200000, 0x00000000c4200000| Untracked 
|  22|0x00000000c4200000, 0x00000000c4300000, 0x00000000c4300000|100%| O|  |TAMS 0x00000000c4300000, 0x00000000c4300000| Untracked 
|  23|0x00000000c4300000, 0x00000000c4400000, 0x00000000c4400000|100%| O|  |TAMS 0x00000000c4400000, 0x00000000c4400000| Untracked 
|  24|0x00000000c4400000, 0x00000000c4500000, 0x00000000c4500000|100%| O|  |TAMS 0x00000000c4500000, 0x00000000c4500000| Untracked 
|  25|0x00000000c4500000, 0x00000000c4600000, 0x00000000c4600000|100%| O|  |TAMS 0x00000000c4600000, 0x00000000c4600000| Untracked 
|  26|0x00000000c4600000, 0x00000000c4700000, 0x00000000c4700000|100%| O|  |TAMS 0x00000000c4700000, 0x00000000c4700000| Untracked 
|  27|0x00000000c4700000, 0x00000000c4800000, 0x00000000c4800000|100%| O|  |TAMS 0x00000000c4800000, 0x00000000c4800000| Untracked 
|  28|0x00000000c4800000, 0x00000000c4900000, 0x00000000c4900000|100%| O|  |TAMS 0x00000000c4900000, 0x00000000c4900000| Untracked 
|  29|0x00000000c4900000, 0x00000000c4a00000, 0x00000000c4a00000|100%| O|  |TAMS 0x00000000c4a00000, 0x00000000c4a00000| Untracked 
|  30|0x00000000c4a00000, 0x00000000c4b00000, 0x00000000c4b00000|100%| O|  |TAMS 0x00000000c4b00000, 0x00000000c4b00000| Untracked 
|  31|0x00000000c4b00000, 0x00000000c4c00000, 0x00000000c4c00000|100%| O|  |TAMS 0x00000000c4c00000, 0x00000000c4c00000| Untracked 
|  32|0x00000000c4c00000, 0x00000000c4d00000, 0x00000000c4d00000|100%| O|  |TAMS 0x00000000c4d00000, 0x00000000c4d00000| Untracked 
|  33|0x00000000c4d00000, 0x00000000c4e00000, 0x00000000c4e00000|100%| O|  |TAMS 0x00000000c4e00000, 0x00000000c4e00000| Untracked 
|  34|0x00000000c4e00000, 0x00000000c4f00000, 0x00000000c4f00000|100%| O|  |TAMS 0x00000000c4e3f200, 0x00000000c4f00000| Untracked 
|  35|0x00000000c4f00000, 0x00000000c5000000, 0x00000000c5000000|100%| O|  |TAMS 0x00000000c4f00000, 0x00000000c5000000| Untracked 
|  36|0x00000000c5000000, 0x00000000c5100000, 0x00000000c5100000|100%| O|  |TAMS 0x00000000c5000000, 0x00000000c5100000| Untracked 
|  37|0x00000000c5100000, 0x00000000c51df200, 0x00000000c5200000| 87%| O|  |TAMS 0x00000000c5100000, 0x00000000c51df200| Untracked 
|  38|0x00000000c5200000, 0x00000000c5200000, 0x00000000c5300000|  0%| F|  |TAMS 0x00000000c5200000, 0x00000000c5200000| Untracked 
|  39|0x00000000c5300000, 0x00000000c5300000, 0x00000000c5400000|  0%| F|  |TAMS 0x00000000c5300000, 0x00000000c5300000| Untracked 
|  40|0x00000000c5400000, 0x00000000c5400000, 0x00000000c5500000|  0%| F|  |TAMS 0x00000000c5400000, 0x00000000c5400000| Untracked 
|  41|0x00000000c5500000, 0x00000000c5500000, 0x00000000c5600000|  0%| F|  |TAMS 0x00000000c5500000, 0x00000000c5500000| Untracked 
|  42|0x00000000c5600000, 0x00000000c5600000, 0x00000000c5700000|  0%| F|  |TAMS 0x00000000c5600000, 0x00000000c5600000| Untracked 
|  43|0x00000000c5700000, 0x00000000c5700000, 0x00000000c5800000|  0%| F|  |TAMS 0x00000000c5700000, 0x00000000c5700000| Untracked 
|  44|0x00000000c5800000, 0x00000000c5800000, 0x00000000c5900000|  0%| F|  |TAMS 0x00000000c5800000, 0x00000000c5800000| Untracked 
|  45|0x00000000c5900000, 0x00000000c5900000, 0x00000000c5a00000|  0%| F|  |TAMS 0x00000000c5900000, 0x00000000c5900000| Untracked 
|  46|0x00000000c5a00000, 0x00000000c5a00000, 0x00000000c5b00000|  0%| F|  |TAMS 0x00000000c5a00000, 0x00000000c5a00000| Untracked 
|  47|0x00000000c5b00000, 0x00000000c5b00000, 0x00000000c5c00000|  0%| F|  |TAMS 0x00000000c5b00000, 0x00000000c5b00000| Untracked 
|  48|0x00000000c5c00000, 0x00000000c5c2a1e0, 0x00000000c5d00000| 16%| S|CS|TAMS 0x00000000c5c00000, 0x00000000c5c00000| Complete 
|  49|0x00000000c5d00000, 0x00000000c5e00000, 0x00000000c5e00000|100%| S|CS|TAMS 0x00000000c5d00000, 0x00000000c5d00000| Complete 
|  50|0x00000000c5e00000, 0x00000000c5e00000, 0x00000000c5f00000|  0%| F|  |TAMS 0x00000000c5e00000, 0x00000000c5e00000| Untracked 
|  51|0x00000000c5f00000, 0x00000000c5f00000, 0x00000000c6000000|  0%| F|  |TAMS 0x00000000c5f00000, 0x00000000c5f00000| Untracked 
|  52|0x00000000c6000000, 0x00000000c6000000, 0x00000000c6100000|  0%| F|  |TAMS 0x00000000c6000000, 0x00000000c6000000| Untracked 
|  53|0x00000000c6100000, 0x00000000c6100000, 0x00000000c6200000|  0%| F|  |TAMS 0x00000000c6100000, 0x00000000c6100000| Untracked 
|  54|0x00000000c6200000, 0x00000000c6200000, 0x00000000c6300000|  0%| F|  |TAMS 0x00000000c6200000, 0x00000000c6200000| Untracked 
|  55|0x00000000c6300000, 0x00000000c6300000, 0x00000000c6400000|  0%| F|  |TAMS 0x00000000c6300000, 0x00000000c6300000| Untracked 
|  56|0x00000000c6400000, 0x00000000c6400000, 0x00000000c6500000|  0%| F|  |TAMS 0x00000000c6400000, 0x00000000c6400000| Untracked 
|  57|0x00000000c6500000, 0x00000000c6500000, 0x00000000c6600000|  0%| F|  |TAMS 0x00000000c6500000, 0x00000000c6500000| Untracked 
|  58|0x00000000c6600000, 0x00000000c6600000, 0x00000000c6700000|  0%| F|  |TAMS 0x00000000c6600000, 0x00000000c6600000| Untracked 
|  59|0x00000000c6700000, 0x00000000c6700000, 0x00000000c6800000|  0%| F|  |TAMS 0x00000000c6700000, 0x00000000c6700000| Untracked 
|  60|0x00000000c6800000, 0x00000000c6800000, 0x00000000c6900000|  0%| F|  |TAMS 0x00000000c6800000, 0x00000000c6800000| Untracked 
|  61|0x00000000c6900000, 0x00000000c6900000, 0x00000000c6a00000|  0%| F|  |TAMS 0x00000000c6900000, 0x00000000c6900000| Untracked 
|  62|0x00000000c6a00000, 0x00000000c6a00000, 0x00000000c6b00000|  0%| F|  |TAMS 0x00000000c6a00000, 0x00000000c6a00000| Untracked 
|  63|0x00000000c6b00000, 0x00000000c6b00000, 0x00000000c6c00000|  0%| F|  |TAMS 0x00000000c6b00000, 0x00000000c6b00000| Untracked 
|  64|0x00000000c6c00000, 0x00000000c6c00000, 0x00000000c6d00000|  0%| F|  |TAMS 0x00000000c6c00000, 0x00000000c6c00000| Untracked 
|  65|0x00000000c6d00000, 0x00000000c6d00000, 0x00000000c6e00000|  0%| F|  |TAMS 0x00000000c6d00000, 0x00000000c6d00000| Untracked 
|  66|0x00000000c6e00000, 0x00000000c6e00000, 0x00000000c6f00000|  0%| F|  |TAMS 0x00000000c6e00000, 0x00000000c6e00000| Untracked 
|  67|0x00000000c6f00000, 0x00000000c6f00000, 0x00000000c7000000|  0%| F|  |TAMS 0x00000000c6f00000, 0x00000000c6f00000| Untracked 
|  74|0x00000000c7600000, 0x00000000c7600000, 0x00000000c7700000|  0%| F|  |TAMS 0x00000000c7600000, 0x00000000c7600000| Untracked 

Card table byte_map: [0x0000024f4fd60000,0x0000024f4ff50000] _byte_map_base: 0x0000024f4f74a000

Marking Bits (Prev, Next): (CMBitMap*) 0x0000024f43c42ee0, (CMBitMap*) 0x0000024f43c42ea0
 Prev Bits: [0x0000024f51090000, 0x0000024f51fe0000)
 Next Bits: [0x0000024f50140000, 0x0000024f51090000)

Polling page: 0x0000024f43cc0000

Metaspace:

Usage:
  Non-class:     58.69 MB used.
      Class:     10.13 MB used.
       Both:     68.82 MB used.

Virtual space:
  Non-class space:       64.00 MB reserved,      59.00 MB ( 92%) committed,  8 nodes.
      Class space:        1.00 GB reserved,      10.38 MB (  1%) committed,  1 nodes.
             Both:        1.06 GB reserved,      69.38 MB (  6%) committed. 

Chunk freelists:
   Non-Class:  304.00 KB
       Class:  1.51 MB
        Both:  1.81 MB

MaxMetaspaceSize: unlimited
CompressedClassSpaceSize: 1.00 GB
Initial GC threshold: 21.00 MB
Current GC threshold: 108.75 MB
CDS: on
MetaspaceReclaimPolicy: balanced
 - commit_granule_bytes: 65536.
 - commit_granule_words: 8192.
 - virtual_space_node_default_size: 1048576.
 - enlarge_chunks_in_place: 1.
 - new_chunks_are_fully_committed: 0.
 - uncommit_free_chunks: 1.
 - use_allocation_guard: 0.
 - handle_deallocations: 1.


Internal statistics:

num_allocs_failed_limit: 8.
num_arena_births: 844.
num_arena_deaths: 0.
num_vsnodes_births: 9.
num_vsnodes_deaths: 0.
num_space_committed: 1110.
num_space_uncommitted: 0.
num_chunks_returned_to_freelist: 8.
num_chunks_taken_from_freelist: 3411.
num_chunk_merges: 8.
num_chunk_splits: 2486.
num_chunks_enlarged: 1934.
num_purges: 0.
num_inconsistent_stats: 0.

CodeCache: size=49152Kb used=12279Kb max_used=12626Kb free=36872Kb
 bounds [0x0000024f4c950000, 0x0000024f4d5e0000, 0x0000024f4f950000]
 total_blobs=7824 nmethods=7167 adapters=581
 compilation: enabled
              stopped_count=0, restarted_count=0
 full_count=0

Compilation events (20 events):
Event: 2908.842 Thread 0x0000024f54338490 7201       1       org.springframework.util.MultiValueMapAdapter$$Lambda$1589/0x00000008016435c8::<init> (10 bytes)
Event: 2908.842 Thread 0x0000024f54338490 nmethod 7201 0x0000024f4d4c5f10 code [0x0000024f4d4c60a0, 0x0000024f4d4c61b8]
Event: 2908.842 Thread 0x0000024f54338490 7202       1       org.springframework.util.MultiValueMapAdapter$$Lambda$1589/0x00000008016435c8::apply (9 bytes)
Event: 2908.843 Thread 0x0000024f54338490 nmethod 7202 0x0000024f4d4c5b10 code [0x0000024f4d4c5cc0, 0x0000024f4d4c5e38]
Event: 2908.843 Thread 0x0000024f54338490 7203       1       org.springframework.util.MultiValueMapAdapter::lambda$addAll$1 (14 bytes)
Event: 2908.843 Thread 0x0000024f54338490 nmethod 7203 0x0000024f4d4c5710 code [0x0000024f4d4c58c0, 0x0000024f4d4c5a18]
Event: 2908.843 Thread 0x0000024f54338490 7204       1       org.springframework.http.client.HttpComponentsClientHttpRequest$$Lambda$1590/0x0000000801643808::accept (16 bytes)
Event: 2908.844 Thread 0x0000024f54338490 nmethod 7204 0x0000024f4d4c5310 code [0x0000024f4d4c54c0, 0x0000024f4d4c5628]
Event: 2911.797 Thread 0x0000024f54338490 7208       1       org.springframework.http.converter.json.AbstractJackson2HttpMessageConverter::canRead (8 bytes)
Event: 2911.802 Thread 0x0000024f54338490 nmethod 7208 0x0000024f4d4c5010 code [0x0000024f4d4c51a0, 0x0000024f4d4c5288]
Event: 2911.802 Thread 0x0000024f54338490 7209       1       org.springframework.web.client.RestTemplate$AcceptHeaderRequestCallback$$Lambda$1583/0x0000000801618bf0::apply (12 bytes)
Event: 2911.811 Thread 0x0000024f54338490 nmethod 7209 0x0000024f4d4c4c90 code [0x0000024f4d4c4e20, 0x0000024f4d4c4f68]
Event: 2911.811 Thread 0x0000024f54338490 7210       1       org.springframework.web.client.RestTemplate$AcceptHeaderRequestCallback::lambda$doWithRequest$1 (10 bytes)
Event: 2911.811 Thread 0x0000024f54338490 nmethod 7210 0x0000024f4d4c4990 code [0x0000024f4d4c4b20, 0x0000024f4d4c4c08]
Event: 2911.811 Thread 0x0000024f54338490 7211       1       org.springframework.web.client.RestTemplate$AcceptHeaderRequestCallback::getSupportedMediaTypes (84 bytes)
Event: 2911.827 Thread 0x0000024f54338490 nmethod 7211 0x0000024f4d4c4110 code [0x0000024f4d4c4300, 0x0000024f4d4c47a8]
Event: 2911.827 Thread 0x0000024f54338490 7219       1       org.apache.hc.client5.http.impl.PrefixedIncrementingId::getNextId (12 bytes)
Event: 2911.858 Thread 0x0000024f54338490 nmethod 7219 0x0000024f4d4c3d90 code [0x0000024f4d4c3f20, 0x0000024f4d4c4028]
Event: 13738.722 Thread 0x0000024f54338490 7220       1       java.util.concurrent.SynchronousQueue::offer (31 bytes)
Event: 13738.728 Thread 0x0000024f54338490 nmethod 7220 0x0000024f4d4c3990 code [0x0000024f4d4c3b40, 0x0000024f4d4c3cf8]

GC Heap History (20 events):
Event: 12.250 GC heap after
{Heap after GC invocations=16 (full 0):
 garbage-first heap   total 58368K, used 26871K [0x00000000c2c00000, 0x0000000100000000)
  region size 1024K, 3 young (3072K), 3 survivors (3072K)
 Metaspace       used 45628K, committed 46144K, reserved 1089536K
  class space    used 6584K, committed 6848K, reserved 1048576K
}
Event: 13.578 GC heap before
{Heap before GC invocations=16 (full 0):
 garbage-first heap   total 58368K, used 45303K [0x00000000c2c00000, 0x0000000100000000)
  region size 1024K, 22 young (22528K), 3 survivors (3072K)
 Metaspace       used 51091K, committed 51648K, reserved 1097728K
  class space    used 7431K, committed 7680K, reserved 1048576K
}
Event: 13.588 GC heap after
{Heap after GC invocations=17 (full 0):
 garbage-first heap   total 58368K, used 27976K [0x00000000c2c00000, 0x0000000100000000)
  region size 1024K, 3 young (3072K), 3 survivors (3072K)
 Metaspace       used 51091K, committed 51648K, reserved 1097728K
  class space    used 7431K, committed 7680K, reserved 1048576K
}
Event: 14.306 GC heap before
{Heap before GC invocations=17 (full 0):
 garbage-first heap   total 58368K, used 45384K [0x00000000c2c00000, 0x0000000100000000)
  region size 1024K, 21 young (21504K), 3 survivors (3072K)
 Metaspace       used 55605K, committed 56192K, reserved 1097728K
  class space    used 8209K, committed 8512K, reserved 1048576K
}
Event: 14.315 GC heap after
{Heap after GC invocations=18 (full 0):
 garbage-first heap   total 58368K, used 28879K [0x00000000c2c00000, 0x0000000100000000)
  region size 1024K, 2 young (2048K), 2 survivors (2048K)
 Metaspace       used 55605K, committed 56192K, reserved 1097728K
  class space    used 8209K, committed 8512K, reserved 1048576K
}
Event: 15.037 GC heap before
{Heap before GC invocations=19 (full 0):
 garbage-first heap   total 58368K, used 47311K [0x00000000c2c00000, 0x0000000100000000)
  region size 1024K, 20 young (20480K), 2 survivors (2048K)
 Metaspace       used 58766K, committed 59328K, reserved 1105920K
  class space    used 8682K, committed 8960K, reserved 1048576K
}
Event: 15.048 GC heap after
{Heap after GC invocations=20 (full 0):
 garbage-first heap   total 58368K, used 30556K [0x00000000c2c00000, 0x0000000100000000)
  region size 1024K, 3 young (3072K), 3 survivors (3072K)
 Metaspace       used 58766K, committed 59328K, reserved 1105920K
  class space    used 8682K, committed 8960K, reserved 1048576K
}
Event: 16.070 GC heap before
{Heap before GC invocations=20 (full 0):
 garbage-first heap   total 58368K, used 46940K [0x00000000c2c00000, 0x0000000100000000)
  region size 1024K, 19 young (19456K), 3 survivors (3072K)
 Metaspace       used 60212K, committed 60736K, reserved 1105920K
  class space    used 8918K, committed 9152K, reserved 1048576K
}
Event: 16.083 GC heap after
{Heap after GC invocations=21 (full 0):
 garbage-first heap   total 70656K, used 31988K [0x00000000c2c00000, 0x0000000100000000)
  region size 1024K, 2 young (2048K), 2 survivors (2048K)
 Metaspace       used 60212K, committed 60736K, reserved 1105920K
  class space    used 8918K, committed 9152K, reserved 1048576K
}
Event: 16.954 GC heap before
{Heap before GC invocations=22 (full 0):
 garbage-first heap   total 70656K, used 57588K [0x00000000c2c00000, 0x0000000100000000)
  region size 1024K, 27 young (27648K), 2 survivors (2048K)
 Metaspace       used 63016K, committed 63552K, reserved 1105920K
  class space    used 9329K, committed 9600K, reserved 1048576K
}
Event: 16.966 GC heap after
{Heap after GC invocations=23 (full 0):
 garbage-first heap   total 70656K, used 34368K [0x00000000c2c00000, 0x0000000100000000)
  region size 1024K, 4 young (4096K), 4 survivors (4096K)
 Metaspace       used 63016K, committed 63552K, reserved 1105920K
  class space    used 9329K, committed 9600K, reserved 1048576K
}
Event: 16.988 GC heap before
{Heap before GC invocations=23 (full 0):
 garbage-first heap   total 70656K, used 35392K [0x00000000c2c00000, 0x0000000100000000)
  region size 1024K, 5 young (5120K), 4 survivors (4096K)
 Metaspace       used 63078K, committed 63616K, reserved 1105920K
  class space    used 9341K, committed 9600K, reserved 1048576K
}
Event: 17.000 GC heap after
{Heap after GC invocations=24 (full 0):
 garbage-first heap   total 70656K, used 34717K [0x00000000c2c00000, 0x0000000100000000)
  region size 1024K, 1 young (1024K), 1 survivors (1024K)
 Metaspace       used 63078K, committed 63616K, reserved 1105920K
  class space    used 9341K, committed 9600K, reserved 1048576K
}
Event: 19.109 GC heap before
{Heap before GC invocations=24 (full 0):
 garbage-first heap   total 70656K, used 56221K [0x00000000c2c00000, 0x0000000100000000)
  region size 1024K, 22 young (22528K), 1 survivors (1024K)
 Metaspace       used 66205K, committed 66816K, reserved 1105920K
  class space    used 9748K, committed 10048K, reserved 1048576K
}
Event: 19.118 GC heap after
{Heap after GC invocations=25 (full 0):
 garbage-first heap   total 70656K, used 36375K [0x00000000c2c00000, 0x0000000100000000)
  region size 1024K, 3 young (3072K), 3 survivors (3072K)
 Metaspace       used 66205K, committed 66816K, reserved 1105920K
  class space    used 9748K, committed 10048K, reserved 1048576K
}
Event: 20.035 GC heap before
{Heap before GC invocations=26 (full 0):
 garbage-first heap   total 70656K, used 56855K [0x00000000c2c00000, 0x0000000100000000)
  region size 1024K, 23 young (23552K), 3 survivors (3072K)
 Metaspace       used 70181K, committed 70720K, reserved 1114112K
  class space    used 10318K, committed 10560K, reserved 1048576K
}
Event: 20.048 GC heap after
{Heap after GC invocations=27 (full 0):
 garbage-first heap   total 70656K, used 38247K [0x00000000c2c00000, 0x0000000100000000)
  region size 1024K, 2 young (2048K), 2 survivors (2048K)
 Metaspace       used 70181K, committed 70720K, reserved 1114112K
  class space    used 10318K, committed 10560K, reserved 1048576K
}
Event: 20.570 GC heap before
{Heap before GC invocations=27 (full 0):
 garbage-first heap   total 70656K, used 39271K [0x00000000c2c00000, 0x0000000100000000)
  region size 1024K, 3 young (3072K), 2 survivors (2048K)
 Metaspace       used 70304K, committed 70848K, reserved 1114112K
  class space    used 10343K, committed 10624K, reserved 1048576K
}
Event: 20.580 GC heap after
{Heap after GC invocations=28 (full 0):
 garbage-first heap   total 70656K, used 38137K [0x00000000c2c00000, 0x0000000100000000)
  region size 1024K, 1 young (1024K), 1 survivors (1024K)
 Metaspace       used 70304K, committed 70848K, reserved 1114112K
  class space    used 10343K, committed 10624K, reserved 1048576K
}
Event: 13739.939 GC heap before
{Heap before GC invocations=28 (full 0):
 garbage-first heap   total 70656K, used 55545K [0x00000000c2c00000, 0x0000000100000000)
  region size 1024K, 19 young (19456K), 1 survivors (1024K)
 Metaspace       used 70470K, committed 71040K, reserved 1114112K
  class space    used 10374K, committed 10624K, reserved 1048576K
}

Deoptimization events (10 events):
Event: 4.757 Thread 0x0000024f43c06210 DEOPT PACKING pc=0x0000024f4ce1cf99 sp=0x000000cf34cfd180
Event: 4.758 Thread 0x0000024f43c06210 DEOPT UNPACKING pc=0x0000024f4c9a2b24 sp=0x000000cf34cfc660 mode 3
Event: 5.057 Thread 0x0000024f43c06210 DEOPT PACKING pc=0x0000024f4ce5da55 sp=0x000000cf34cfd7a0
Event: 5.057 Thread 0x0000024f43c06210 DEOPT UNPACKING pc=0x0000024f4c9a2b24 sp=0x000000cf34cfcc48 mode 3
Event: 14.642 Thread 0x0000024f43c06210 DEOPT PACKING pc=0x0000024f4ce67822 sp=0x000000cf34cfbe00
Event: 14.642 Thread 0x0000024f43c06210 DEOPT UNPACKING pc=0x0000024f4c9a2b24 sp=0x000000cf34cfb308 mode 3
Event: 14.798 Thread 0x0000024f43c06210 DEOPT PACKING pc=0x0000024f4ce335a4 sp=0x000000cf34cfc260
Event: 14.799 Thread 0x0000024f43c06210 DEOPT UNPACKING pc=0x0000024f4c9a2b24 sp=0x000000cf34cfb7b8 mode 0
Event: 19.096 Thread 0x0000024f43c06210 DEOPT PACKING pc=0x0000024f4d2fe09d sp=0x000000cf34cfb320
Event: 19.096 Thread 0x0000024f43c06210 DEOPT UNPACKING pc=0x0000024f4c9a2b24 sp=0x000000cf34cfa8a0 mode 3

Classes unloaded (0 events):
No events

Classes redefined (0 events):
No events

Internal exceptions (20 events):
Event: 14.952 Thread 0x0000024f43c06210 Exception <a 'java/lang/reflect/InvocationTargetException'{0x00000000c55fe930}> (0x00000000c55fe930) 
thrown [s\open\src\hotspot\share\runtime\reflection.cpp, line 1121]
Event: 14.971 Thread 0x0000024f43c06210 Exception <a 'java/lang/NoSuchMethodError'{0x00000000c54643b8}: 'int java.lang.invoke.DirectMethodHandle$Holder.invokeStatic(java.lang.Object, java.lang.Object, int)'> (0x00000000c54643b8) 
thrown [s\open\src\hotspot\share\interpreter\linkResolver.cpp, line 759]
Event: 14.981 Thread 0x0000024f43c06210 Exception <a 'java/lang/IncompatibleClassChangeError'{0x00000000c54ab378}: Found class java.lang.Object, but interface was expected> (0x00000000c54ab378) 
thrown [s\open\src\hotspot\share\interpreter\linkResolver.cpp, line 826]
Event: 15.062 Thread 0x0000024f43c06210 Exception <a 'java/lang/NoSuchMethodError'{0x00000000c76609e8}: 'java.lang.Object java.lang.invoke.DirectMethodHandle$Holder.invokeStatic(java.lang.Object, int, java.lang.Object)'> (0x00000000c76609e8) 
thrown [s\open\src\hotspot\share\interpreter\linkResolver.cpp, line 759]
Event: 15.073 Thread 0x0000024f43c06210 Exception <a 'java/lang/reflect/InvocationTargetException'{0x00000000c76a3b70}> (0x00000000c76a3b70) 
thrown [s\open\src\hotspot\share\runtime\reflection.cpp, line 1121]
Event: 15.115 Thread 0x0000024f43c06210 Exception <a 'java/lang/reflect/InvocationTargetException'{0x00000000c6247e10}> (0x00000000c6247e10) 
thrown [s\open\src\hotspot\share\runtime\reflection.cpp, line 1121]
Event: 15.205 Thread 0x0000024f43c06210 Exception <a 'java/lang/NoSuchMethodError'{0x00000000c5f84f28}: 'java.lang.Object java.lang.invoke.DirectMethodHandle$Holder.newInvokeSpecial(java.lang.Object, java.lang.Object, int, java.lang.Object, java.lang.Object)'> (0x00000000c5f84f28) 
thrown [s\open\src\hotspot\share\interpreter\linkResolver.cpp, line 759]
Event: 15.952 Thread 0x0000024f43c06210 Exception <a 'java/lang/NoSuchMethodError'{0x00000000c572cb58}: 'void java.lang.invoke.DirectMethodHandle$Holder.invokeStatic(java.lang.Object, java.lang.Object, java.lang.Object, int)'> (0x00000000c572cb58) 
thrown [s\open\src\hotspot\share\interpreter\linkResolver.cpp, line 759]
Event: 16.045 Thread 0x0000024f43c06210 Exception <a 'java/lang/IncompatibleClassChangeError'{0x00000000c55567e8}: Found class java.lang.Object, but interface was expected> (0x00000000c55567e8) 
thrown [s\open\src\hotspot\share\interpreter\linkResolver.cpp, line 826]
Event: 16.255 Thread 0x0000024f43c06210 Exception <a 'java/lang/NoSuchMethodError'{0x00000000c6e7e4a8}: 'java.lang.Object java.lang.invoke.DirectMethodHandle$Holder.invokeInterface(java.lang.Object, java.lang.Object, java.lang.Object, java.lang.Object)'> (0x00000000c6e7e4a8) 
thrown [s\open\src\hotspot\share\interpreter\linkResolver.cpp, line 759]
Event: 16.552 Thread 0x0000024f43c06210 Exception <a 'sun/nio/fs/WindowsException'{0x00000000c6526700}> (0x00000000c6526700) 
thrown [s\open\src\hotspot\share\prims\jni.cpp, line 516]
Event: 16.645 Thread 0x0000024f43c06210 Exception <a 'java/lang/IncompatibleClassChangeError'{0x00000000c62c5808}: Found class java.lang.Object, but interface was expected> (0x00000000c62c5808) 
thrown [s\open\src\hotspot\share\interpreter\linkResolver.cpp, line 826]
Event: 16.703 Thread 0x0000024f43c06210 Exception <a 'java/lang/NoSuchMethodError'{0x00000000c6077050}: 'void java.lang.invoke.DirectMethodHandle$Holder.invokeVirtual(java.lang.Object, java.lang.Object, long)'> (0x00000000c6077050) 
thrown [s\open\src\hotspot\share\interpreter\linkResolver.cpp, line 759]
Event: 16.850 Thread 0x0000024f43c06210 Exception <a 'java/lang/IncompatibleClassChangeError'{0x00000000c5b27f98}: Found class java.lang.Object, but interface was expected> (0x00000000c5b27f98) 
thrown [s\open\src\hotspot\share\interpreter\linkResolver.cpp, line 826]
Event: 17.861 Thread 0x0000024f43c06210 Exception <a 'java/lang/NoSuchMethodError'{0x00000000c6407168}: 'java.lang.Object java.lang.invoke.DirectMethodHandle$Holder.invokeSpecial(java.lang.Object, java.lang.Object, int, java.lang.Object, int, java.lang.Object)'> (0x00000000c6407168) 
thrown [s\open\src\hotspot\share\interpreter\linkResolver.cpp, line 759]
Event: 17.862 Thread 0x0000024f43c06210 Exception <a 'java/lang/NoSuchMethodError'{0x00000000c640ef70}: 'java.lang.Object java.lang.invoke.DirectMethodHandle$Holder.newInvokeSpecial(java.lang.Object, java.lang.Object, int, java.lang.Object, int)'> (0x00000000c640ef70) 
thrown [s\open\src\hotspot\share\interpreter\linkResolver.cpp, line 759]
Event: 17.862 Thread 0x0000024f43c06210 Exception <a 'java/lang/NoSuchMethodError'{0x00000000c6413070}: 'java.lang.Object java.lang.invoke.DirectMethodHandle$Holder.invokeSpecial(java.lang.Object, java.lang.Object, java.lang.Object, int, java.lang.Object, int)'> (0x00000000c6413070) 
thrown [s\open\src\hotspot\share\interpreter\linkResolver.cpp, line 759]
Event: 1487.799 Thread 0x0000024f5a01fd60 Exception <a 'java/net/SocketException'{0x00000000c677ad28}: Connection reset by peer: shutdown> (0x00000000c677ad28) 
thrown [s\open\src\hotspot\share\prims\jni.cpp, line 535]
Event: 1820.845 Thread 0x0000024f555e23a0 Exception <a 'java/lang/NoSuchMethodError'{0x00000000c6244848}: 'void java.lang.invoke.DirectMethodHandle$Holder.invokeStatic(java.lang.Object, long, java.lang.Object)'> (0x00000000c6244848) 
thrown [s\open\src\hotspot\share\interpreter\linkResolver.cpp, line 759]
Event: 1820.924 Thread 0x0000024f555e23a0 Exception <a 'java/lang/NoSuchMethodError'{0x00000000c624a6c0}: 'java.lang.Object java.lang.invoke.DirectMethodHandle$Holder.newInvokeSpecial(java.lang.Object, long)'> (0x00000000c624a6c0) 
thrown [s\open\src\hotspot\share\interpreter\linkResolver.cpp, line 759]

VM Operations (20 events):
Event: 2130.399 Executing VM operation: Cleanup done
Event: 2281.788 Executing VM operation: Cleanup
Event: 2281.789 Executing VM operation: Cleanup done
Event: 2368.576 Executing VM operation: Cleanup
Event: 2368.578 Executing VM operation: Cleanup done
Event: 2518.890 Executing VM operation: Cleanup
Event: 2518.891 Executing VM operation: Cleanup done
Event: 2611.766 Executing VM operation: Cleanup
Event: 2611.767 Executing VM operation: Cleanup done
Event: 2669.263 Executing VM operation: Cleanup
Event: 2669.263 Executing VM operation: Cleanup done
Event: 2672.296 Executing VM operation: Cleanup
Event: 2672.296 Executing VM operation: Cleanup done
Event: 2882.074 Executing VM operation: Cleanup
Event: 2882.076 Executing VM operation: Cleanup done
Event: 2909.288 Executing VM operation: Cleanup
Event: 2909.289 Executing VM operation: Cleanup done
Event: 2912.314 Executing VM operation: Cleanup
Event: 2912.314 Executing VM operation: Cleanup done
Event: 13738.976 Executing VM operation: G1CollectForAllocation

Events (20 events):
Event: 1457.745 Thread 0x0000024f56e5faa0 Thread added: 0x0000024f56e5faa0
Event: 1462.863 Thread 0x0000024f56e5faa0 Thread exited: 0x0000024f56e5faa0
Event: 1575.410 Thread 0x0000024f56e5faa0 Thread added: 0x0000024f56e5faa0
Event: 1577.925 Thread 0x0000024f56e5faa0 Thread exited: 0x0000024f56e5faa0
Event: 1673.061 loading class java/util/concurrent/locks/ReentrantReadWriteLock$Sync$HoldCounter
Event: 1673.652 loading class java/util/concurrent/locks/ReentrantReadWriteLock$Sync$HoldCounter done
Event: 1776.790 Thread 0x0000024f5a0228b0 Thread added: 0x0000024f5a0228b0
Event: 1776.791 Thread 0x0000024f5a01f890 Thread added: 0x0000024f5a01f890
Event: 1789.531 Thread 0x0000024f5a0228b0 Thread exited: 0x0000024f5a0228b0
Event: 1789.668 Thread 0x0000024f5a01f890 Thread exited: 0x0000024f5a01f890
Event: 1791.052 Thread 0x0000024f5a021f10 Thread added: 0x0000024f5a021f10
Event: 1791.052 Thread 0x0000024f5a020700 Thread added: 0x0000024f5a020700
Event: 1804.779 Thread 0x0000024f5a021f10 Thread exited: 0x0000024f5a021f10
Event: 1804.936 Thread 0x0000024f5a020700 Thread exited: 0x0000024f5a020700
Event: 1808.237 Thread 0x0000024f5a020700 Thread added: 0x0000024f5a020700
Event: 1808.238 Thread 0x0000024f5a01f890 Thread added: 0x0000024f5a01f890
Event: 1813.339 Thread 0x0000024f5a020700 Thread exited: 0x0000024f5a020700
Event: 1813.485 Thread 0x0000024f5a01f890 Thread exited: 0x0000024f5a01f890
Event: 2069.500 Thread 0x0000024f556b6870 Thread added: 0x0000024f556b6870
Event: 2074.748 Thread 0x0000024f556b6870 Thread exited: 0x0000024f556b6870


Dynamic libraries:
0x00007ff7fdc40000 - 0x00007ff7fdc50000 	C:\Program Files\Java\jdk-17.0.4.1\bin\javaw.exe
0x00007fffe0ba0000 - 0x00007fffe0e07000 	C:\WINDOWS\SYSTEM32\ntdll.dll
0x00007fffdee20000 - 0x00007fffdeeea000 	C:\WINDOWS\System32\KERNEL32.DLL
0x00007fffdddb0000 - 0x00007fffde1b2000 	C:\WINDOWS\System32\KERNELBASE.dll
0x00007fffde5f0000 - 0x00007fffde73c000 	C:\WINDOWS\System32\ucrtbase.dll
0x00007fffd6460000 - 0x00007fffd6478000 	C:\Program Files\Java\jdk-17.0.4.1\bin\jli.dll
0x00007fffe0130000 - 0x00007fffe01ec000 	C:\WINDOWS\System32\ADVAPI32.dll
0x00007fffdf970000 - 0x00007fffdfa19000 	C:\WINDOWS\System32\msvcrt.dll
0x00007fffdfa20000 - 0x00007fffdfac9000 	C:\WINDOWS\System32\sechost.dll
0x00007fffdebc0000 - 0x00007fffdecd8000 	C:\WINDOWS\System32\RPCRT4.dll
0x00007fffdf790000 - 0x00007fffdf95f000 	C:\WINDOWS\System32\USER32.dll
0x00007fffde5c0000 - 0x00007fffde5e7000 	C:\WINDOWS\System32\win32u.dll
0x00007fffdf740000 - 0x00007fffdf76b000 	C:\WINDOWS\System32\GDI32.dll
0x00007fffde270000 - 0x00007fffde399000 	C:\WINDOWS\System32\gdi32full.dll
0x00007fffde1c0000 - 0x00007fffde263000 	C:\WINDOWS\System32\msvcp_win.dll
0x00007fffd6420000 - 0x00007fffd643a000 	C:\Program Files\Java\jdk-17.0.4.1\bin\VCRUNTIME140.dll
0x00007fffc5780000 - 0x00007fffc5a10000 	C:\WINDOWS\WinSxS\amd64_microsoft.windows.common-controls_6595b64144ccf1df_6.0.26100.9278_none_3e0d1ba8e3303201\COMCTL32.dll
0x00007fffd39e0000 - 0x00007fffd39eb000 	C:\WINDOWS\SYSTEM32\VERSION.dll
0x00007fffdece0000 - 0x00007fffded11000 	C:\WINDOWS\System32\IMM32.DLL
0x00007fffd6630000 - 0x00007fffd663c000 	C:\Program Files\Java\jdk-17.0.4.1\bin\vcruntime140_1.dll
0x00007fffcfc10000 - 0x00007fffcfc9d000 	C:\Program Files\Java\jdk-17.0.4.1\bin\msvcp140.dll
0x00007fff7e2d0000 - 0x00007fff7ee92000 	C:\Program Files\Java\jdk-17.0.4.1\bin\server\jvm.dll
0x00007fffdf2a0000 - 0x00007fffdf2a8000 	C:\WINDOWS\System32\PSAPI.DLL
0x00007fffd6410000 - 0x00007fffd641a000 	C:\WINDOWS\SYSTEM32\WSOCK32.dll
0x00007fffe0200000 - 0x00007fffe0280000 	C:\WINDOWS\System32\WS2_32.dll
0x00007fffc5740000 - 0x00007fffc5776000 	C:\WINDOWS\SYSTEM32\WINMM.dll
0x00007fffdca80000 - 0x00007fffdca9b000 	C:\WINDOWS\SYSTEM32\kernel.appcore.dll
0x00007fffd6400000 - 0x00007fffd640a000 	C:\Program Files\Java\jdk-17.0.4.1\bin\jimage.dll
0x00007fffdb4b0000 - 0x00007fffdb6f2000 	C:\WINDOWS\SYSTEM32\DBGHELP.DLL
0x00007fffdef10000 - 0x00007fffdf294000 	C:\WINDOWS\System32\combase.dll
0x00007fffdfb70000 - 0x00007fffdfc49000 	C:\WINDOWS\System32\OLEAUT32.dll
0x00007fffc8130000 - 0x00007fffc816b000 	C:\WINDOWS\SYSTEM32\dbgcore.DLL
0x00007fffde810000 - 0x00007fffde8bc000 	C:\WINDOWS\System32\bcryptPrimitives.dll
0x00007fffd63d0000 - 0x00007fffd63f5000 	C:\Program Files\Java\jdk-17.0.4.1\bin\java.dll
0x00007fffcc820000 - 0x00007fffcc8f6000 	C:\Program Files\Java\jdk-17.0.4.1\bin\jsvml.dll
0x00007fffe0290000 - 0x00007fffe0a28000 	C:\WINDOWS\System32\SHELL32.dll
0x00007fffdb7f0000 - 0x00007fffdc09e000 	C:\WINDOWS\SYSTEM32\windows.storage.dll
0x00007fffdfdb0000 - 0x00007fffdfeab000 	C:\WINDOWS\System32\SHCORE.dll
0x00007fffe0a30000 - 0x00007fffe0a96000 	C:\WINDOWS\System32\shlwapi.dll
0x00007fffddcd0000 - 0x00007fffddcf9000 	C:\WINDOWS\SYSTEM32\profapi.dll
0x00007fffd3af0000 - 0x00007fffd3b09000 	C:\Program Files\Java\jdk-17.0.4.1\bin\net.dll
0x00007fffd0130000 - 0x00007fffd025a000 	C:\WINDOWS\SYSTEM32\WINHTTP.dll
0x00007fffdd040000 - 0x00007fffdd0ac000 	C:\WINDOWS\system32\mswsock.dll
0x00007fffce250000 - 0x00007fffce266000 	C:\Program Files\Java\jdk-17.0.4.1\bin\nio.dll
0x00007fffce1e0000 - 0x00007fffce1f8000 	C:\Program Files\Java\jdk-17.0.4.1\bin\zip.dll
0x00007fffd63c0000 - 0x00007fffd63c9000 	C:\Program Files\Java\jdk-17.0.4.1\bin\management.dll
0x00007fffd3ae0000 - 0x00007fffd3aeb000 	C:\Program Files\Java\jdk-17.0.4.1\bin\management_ext.dll
0x00007fffb54d0000 - 0x00007fffb54e8000 	C:\WINDOWS\system32\napinsp.dll
0x00007fffdc4f0000 - 0x00007fffdc648000 	C:\WINDOWS\SYSTEM32\DNSAPI.dll
0x00007fffdcdd0000 - 0x00007fffdcddd000 	C:\WINDOWS\SYSTEM32\DSPARSE.dll
0x00007fffdc4b0000 - 0x00007fffdc4e3000 	C:\WINDOWS\SYSTEM32\IPHLPAPI.DLL
0x00007fffdfb60000 - 0x00007fffdfb6a000 	C:\WINDOWS\System32\NSI.dll
0x00007fffb54b0000 - 0x00007fffb54c3000 	C:\WINDOWS\System32\winrnr.dll
0x00007fffb5460000 - 0x00007fffb5487000 	C:\WINDOWS\system32\nlansp_c.dll
0x00007fffb5440000 - 0x00007fffb5456000 	C:\WINDOWS\system32\wshbth.dll
0x00007fffc7730000 - 0x00007fffc773b000 	C:\Windows\System32\rasadhlp.dll
0x00007fffcf390000 - 0x00007fffcf416000 	C:\WINDOWS\System32\fwpuclnt.dll
0x00007fffdd330000 - 0x00007fffdd34b000 	C:\WINDOWS\SYSTEM32\CRYPTSP.dll
0x00007fffdc9e0000 - 0x00007fffdca19000 	C:\WINDOWS\system32\rsaenh.dll
0x00007fffdd0f0000 - 0x00007fffdd124000 	C:\WINDOWS\SYSTEM32\USERENV.dll
0x00007fffddca0000 - 0x00007fffddcca000 	C:\WINDOWS\SYSTEM32\bcrypt.dll
0x00007fffdd350000 - 0x00007fffdd35c000 	C:\WINDOWS\SYSTEM32\CRYPTBASE.dll
0x00007fffd0100000 - 0x00007fffd011d000 	C:\WINDOWS\SYSTEM32\dhcpcsvc6.DLL
0x00007fffd00d0000 - 0x00007fffd00f5000 	C:\WINDOWS\SYSTEM32\dhcpcsvc.DLL
0x00007fffce0c0000 - 0x00007fffce0ce000 	C:\Program Files\Java\jdk-17.0.4.1\bin\sunmscapi.dll
0x00007fffde430000 - 0x00007fffde5ae000 	C:\WINDOWS\System32\CRYPT32.dll
0x00007fffdd570000 - 0x00007fffdd5a0000 	C:\WINDOWS\SYSTEM32\ncrypt.dll
0x00007fffdd520000 - 0x00007fffdd55f000 	C:\WINDOWS\SYSTEM32\NTASN1.dll
0x00007fffce0a0000 - 0x00007fffce0b0000 	C:\Program Files\Java\jdk-17.0.4.1\bin\verify.dll
0x00007fffd6f90000 - 0x00007fffd6f98000 	C:\WINDOWS\system32\wshunix.dll

dbghelp: loaded successfully - version: 4.0.5 - missing functions: none
symbol engine: initialized successfully - sym options: 0x614 - pdb path: .;C:\Program Files\Java\jdk-17.0.4.1\bin;C:\WINDOWS\SYSTEM32;C:\WINDOWS\WinSxS\amd64_microsoft.windows.common-controls_6595b64144ccf1df_6.0.26100.9278_none_3e0d1ba8e3303201;C:\Program Files\Java\jdk-17.0.4.1\bin\server

VM Arguments:
jvm_args: -Dcom.sun.management.jmxremote -Dcom.sun.management.jmxremote.port=62559 -Dcom.sun.management.jmxremote.authenticate=false -Dcom.sun.management.jmxremote.ssl=false -Djava.rmi.server.hostname=localhost -Dspring.jmx.enabled=true -Dmanagement.endpoints.jmx.exposure.include=* -Dspring.application.admin.enabled=true -Dspring.output.ansi.enabled=always -XX:TieredStopAtLevel=1 -Dspring.boot.project.name=payment-service -Dfile.encoding=UTF-8 -Dstdout.encoding=UTF-8 -Dstderr.encoding=UTF-8 -XX:+ShowCodeDetailsInExceptionMessages 
java_command: com.rpms.PaymentServiceApplication
java_class_path (initial): C:\projects\rpms\rpms-microservices\payment-service\target\classes;C:\Users\kunch\.m2\repository\org\springframework\boot\spring-boot-starter-data-jpa\3.2.5\spring-boot-starter-data-jpa-3.2.5.jar;C:\Users\kunch\.m2\repository\org\springframework\boot\spring-boot-starter-aop\3.2.5\spring-boot-starter-aop-3.2.5.jar;C:\Users\kunch\.m2\repository\org\springframework\spring-aop\6.1.6\spring-aop-6.1.6.jar;C:\Users\kunch\.m2\repository\org\aspectj\aspectjweaver\1.9.22\aspectjweaver-1.9.22.jar;C:\Users\kunch\.m2\repository\org\springframework\boot\spring-boot-starter-jdbc\3.2.5\spring-boot-starter-jdbc-3.2.5.jar;C:\Users\kunch\.m2\repository\com\zaxxer\HikariCP\5.0.1\HikariCP-5.0.1.jar;C:\Users\kunch\.m2\repository\org\springframework\spring-jdbc\6.1.6\spring-jdbc-6.1.6.jar;C:\Users\kunch\.m2\repository\org\hibernate\orm\hibernate-core\6.4.4.Final\hibernate-core-6.4.4.Final.jar;C:\Users\kunch\.m2\repository\jakarta\persistence\jakarta.persistence-api\3.1.0\jakarta.persistence-api-3.1.0.jar;C:\Users\kunch\.m2\repository\jakarta\transaction\jakarta.transaction-api\2.0.1\jakarta.transaction-api-2.0.1.jar;C:\Users\kunch\.m2\repository\org\jboss\logging\jboss-logging\3.5.3.Final\jboss-logging-3.5.3.Final.jar;C:\Users\kunch\.m2\repository\org\hibernate\common\hibernate-commons-annotations\6.0.6.Final\hibernate-commons-annotations-6.0.6.Final.jar;C:\Users\kunch\.m2\repository\io\smallrye\jandex\3.1.2\jandex-3.1.2.jar;C:\Users\kunch\.m2\repository\com\fasterxml\classmate\1.6.0\classmate-1.6.0.jar;C:\Users\kunch\.m2\repository\net\bytebuddy\byte-buddy\1.14.13\byte-buddy-1.14.13.jar;C:\Users\kunch\.m2\repository\org\glassfish\jaxb\jaxb-runtime\4.0.5\jaxb-runtime-4.0.5.jar;C:\Users\kunch\.m2\repository\org\glassfish\jaxb\jaxb-core\4.0.5\jaxb-core-4.0.5.jar;C:\Users\kunch\.m2\repository\org\eclipse\angus\angus-activation\2.0.2\angus-activation-2.0.2.jar;C:\Users\kunch\.m2\repository\org\glassfish\jaxb\txw2\4.0.5\txw2-4.0.5.jar;C:\Users\kunch\.m2\repository\
Launcher Type: SUN_STANDARD

[Global flags]
     intx CICompilerCount                          = 2                                         {product} {ergonomic}
     uint ConcGCThreads                            = 1                                         {product} {ergonomic}
     uint G1ConcRefinementThreads                  = 2                                         {product} {ergonomic}
   size_t G1HeapRegionSize                         = 1048576                                   {product} {ergonomic}
    uintx GCDrainStackTargetSize                   = 64                                        {product} {ergonomic}
   size_t InitialHeapSize                          = 65011712                                  {product} {ergonomic}
     bool ManagementServer                         = true                                      {product} {command line}
   size_t MarkStackSize                            = 4194304                                   {product} {ergonomic}
   size_t MaxHeapSize                              = 1027604480                                {product} {ergonomic}
   size_t MaxNewSize                               = 616562688                                 {product} {ergonomic}
   size_t MinHeapDeltaBytes                        = 1048576                                   {product} {ergonomic}
   size_t MinHeapSize                              = 8388608                                   {product} {ergonomic}
    uintx NonProfiledCodeHeapSize                  = 0                                      {pd product} {ergonomic}
     bool ProfileInterpreter                       = false                                  {pd product} {command line}
    uintx ProfiledCodeHeapSize                     = 0                                      {pd product} {ergonomic}
     bool ShowCodeDetailsInExceptionMessages       = true                                   {manageable} {command line}
   size_t SoftMaxHeapSize                          = 1027604480                             {manageable} {ergonomic}
     intx TieredStopAtLevel                        = 1                                         {product} {command line}
     bool UseCompressedClassPointers               = true                           {product lp64_product} {ergonomic}
     bool UseCompressedOops                        = true                           {product lp64_product} {ergonomic}
     bool UseG1GC                                  = true                                      {product} {ergonomic}
     bool UseLargePagesIndividualAllocation        = false                                  {pd product} {ergonomic}

Logging:
Log output configuration:
 #0: stdout all=warning uptime,level,tags
 #1: stderr all=off uptime,level,tags

Environment Variables:
JAVA_HOME=C:\Program Files\Java\jdk-17.0.4.1
PATH=C:/temp/spring/sts-4.32.2.RELEASE//plugins/org.eclipse.justj.openjdk.hotspot.jre.full.win32.x86_64_21.0.9.v20251105-0741/jre/bin/server;C:/temp/spring/sts-4.32.2.RELEASE//plugins/org.eclipse.justj.openjdk.hotspot.jre.full.win32.x86_64_21.0.9.v20251105-0741/jre/bin;C:\oraclexe\app\oracle\product\11.2.0\server\bin;C:\Program Files\Common Files\Oracle\Java\javapath;C:\WINDOWS\system32;C:\WINDOWS;C:\WINDOWS\System32\Wbem;C:\WINDOWS\System32\WindowsPowerShell\v1.0\;C:\WINDOWS\System32\OpenSSH\;C:\Program Files\Java\jdk-17.0.4.1\bin;C:\Users\kunch\Downloads\gradle-9.1.0-bin\gradle-9.1.0\bin;C:\Program Files\Git\cmd;C:\Program Files\MySQL\MySQL Server 8.0\bin;C:\Program Files\nodejs\;C:\Program Files\MySQL\MySQL Shell 8.0\bin\;C:\Users\kunch\AppData\Local\Microsoft\WindowsApps;C:\Users\kunch\Downloads\gradle-9.1.0-bin\gradle-9.1.0\bin;C:\Program Files\Java\jdk-17.0.4.1\bin;C:\Program Files\JetBrains\IntelliJ IDEA 2025.2.4\bin;C:\Users\kunch\AppData\Local\Programs\Microsoft VS Code\bin;C:\Users\kunch\AppData\Roaming\npm;C:\temp\spring\sts-4.32.2.RELEASE;
USERNAME=kunchejeevanraj
OS=Windows_NT
PROCESSOR_IDENTIFIER=Intel64 Family 6 Model 122 Stepping 8, GenuineIntel



---------------  S Y S T E M  ---------------

OS:
 Windows 11 , 64 bit Build 26100 (10.0.26100.9278)
OS uptime: 1 days 2:13 hours
Hyper-V role detected

CPU: total 2 (initial active 2) (2 cores per cpu, 1 threads per core) family 6 model 122 stepping 8 microcode 0x22, cx8, cmov, fxsr, mmx, 3dnowpref, sse, sse2, sse3, ssse3, sse4.1, sse4.2, popcnt, tsc, tscinvbit, aes, erms, clmul, sha, clflush, clflushopt, hv

Memory: 4k page, system-wide physical 3914M (84M free)
TotalPageFile size 15690M (AvailPageFile size 6M)
current process WorkingSet (physical memory assigned to process): 32M, peak: 221M
current process commit charge ("private bytes"): 249M, peak: 255M

vm_info: Java HotSpot(TM) 64-Bit Server VM (17.0.4.1+1-LTS-2) for windows-amd64 JRE (17.0.4.1+1-LTS-2), built on Aug 16 2022 18:32:06 by "mach5one" with MS VC++ 16.8 / 16.9 (VS2019)

END.
